127.0.0.1 - - [28/Mar/2022:10:07:15 +0800] "GET / HTTP/1.1" 404 751
127.0.0.1 - - [28/Mar/2022:10:07:51 +0800] "GET / HTTP/1.1" 404 751
127.0.0.1 - - [28/Mar/2022:10:08:09 +0800] "GET / HTTP/1.1" 404 751
127.0.0.1 - - [28/Mar/2022:10:08:25 +0800] "GET / HTTP/1.1" 404 751
0:0:0:0:0:0:0:1 - - [28/Mar/2022:10:08:26 +0800] "GET /WebApp_day_4/FileSUpload.html HTTP/1.1" 200 511
0:0:0:0:0:0:0:1 - - [28/Mar/2022:10:14:33 +0800] "GET /WebApp_day_4/FileSUpload.html HTTP/1.1" 304 -
127.0.0.1 - - [28/Mar/2022:10:16:00 +0800] "GET / HTTP/1.1" 404 751
0:0:0:0:0:0:0:1 - - [28/Mar/2022:10:17:55 +0800] "GET /WebApp_day_4/FileSUpload.html HTTP/1.1" 200 526
127.0.0.1 - - [28/Mar/2022:11:08:49 +0800] "GET / HTTP/1.1" 404 751
0:0:0:0:0:0:0:1 - - [28/Mar/2022:11:08:50 +0800] "GET /WebApp_day_4/A.html HTTP/1.1" 200 213
0:0:0:0:0:0:0:1 - - [28/Mar/2022:11:09:10 +0800] "GET /WebApp_day_4/A.html HTTP/1.1" 200 228
0:0:0:0:0:0:0:1 - - [28/Mar/2022:11:09:12 +0800] "GET /WebApp_day4/toB HTTP/1.1" 404 770
127.0.0.1 - - [28/Mar/2022:11:15:27 +0800] "GET / HTTP/1.1" 404 751
0:0:0:0:0:0:0:1 - - [28/Mar/2022:11:15:28 +0800] "GET /WebApp_day_4/FileSUpload.html HTTP/1.1" 200 511
127.0.0.1 - - [28/Mar/2022:11:23:22 +0800] "GET / HTTP/1.1" 404 751
0:0:0:0:0:0:0:1 - - [28/Mar/2022:11:23:22 +0800] "GET /WebApp_day_4/FileSUpload.html HTTP/1.1" 200 602
0:0:0:0:0:0:0:1 - - [28/Mar/2022:11:23:26 +0800] "POST /WebApp_day_4/..PartsTest HTTP/1.1" 404 779
0:0:0:0:0:0:0:1 - - [28/Mar/2022:11:23:37 +0800] "POST /WebApp_day_4/..PartsTest HTTP/1.1" 404 779
0:0:0:0:0:0:0:1 - - [28/Mar/2022:11:23:45 +0800] "POST /WebApp_day_4/..PartsTest HTTP/1.1" 404 779
0:0:0:0:0:0:0:1 - - [28/Mar/2022:11:23:45 +0800] "GET /favicon.ico HTTP/1.1" 404 762
0:0:0:0:0:0:0:1 - - [28/Mar/2022:11:23:50 +0800] "POST /WebApp_day_4/..PartsTest HTTP/1.1" 404 779
0:0:0:0:0:0:0:1 - - [28/Mar/2022:11:23:50 +0800] "GET /favicon.ico HTTP/1.1" 404 762
0:0:0:0:0:0:0:1 - - [28/Mar/2022:11:23:56 +0800] "GET /WebApp_day_4/FileSUpload.html HTTP/1.1" 200 600
0:0:0:0:0:0:0:1 - - [28/Mar/2022:11:23:59 +0800] "POST /WebApp_day_4/PartsTest HTTP/1.1" 200 -
0:0:0:0:0:0:0:1 - - [28/Mar/2022:11:24:28 +0800] "POST /WebApp_day_4/PartsTest HTTP/1.1" 200 -
127.0.0.1 - - [28/Mar/2022:11:33:46 +0800] "GET / HTTP/1.1" 404 751
0:0:0:0:0:0:0:1 - - [28/Mar/2022:11:33:47 +0800] "GET /WebApp_day_4/A.html HTTP/1.1" 200 229
0:0:0:0:0:0:0:1 - - [28/Mar/2022:11:33:48 +0800] "GET /WebApp_day_4/toB HTTP/1.1" 200 21
127.0.0.1 - - [28/Mar/2022:11:34:33 +0800] "GET / HTTP/1.1" 404 751
0:0:0:0:0:0:0:1 - - [28/Mar/2022:11:34:35 +0800] "GET /WebApp_day_4/toB HTTP/1.1" 200 21
127.0.0.1 - - [28/Mar/2022:12:04:16 +0800] "GET / HTTP/1.1" 404 751
0:0:0:0:0:0:0:1 - - [28/Mar/2022:12:04:16 +0800] "GET /WebApp_day_4/CookieTest HTTP/1.1" 200 -
0:0:0:0:0:0:0:1 - - [28/Mar/2022:12:05:06 +0800] "GET /WebApp_day_4/CookieTest HTTP/1.1" 200 -
127.0.0.1 - - [28/Mar/2022:12:16:56 +0800] "GET / HTTP/1.1" 404 751
0:0:0:0:0:0:0:1 - - [28/Mar/2022:12:16:57 +0800] "GET /WebApp_day_4/CookieTest HTTP/1.1" 200 -
127.0.0.1 - - [28/Mar/2022:12:21:45 +0800] "GET / HTTP/1.1" 404 751
0:0:0:0:0:0:0:1 - - [28/Mar/2022:12:21:45 +0800] "GET /WebApp_day_4/A.html HTTP/1.1" 304 -
127.0.0.1 - - [28/Mar/2022:12:23:05 +0800] "GET / HTTP/1.1" 404 751
0:0:0:0:0:0:0:1 - - [28/Mar/2022:12:23:06 +0800] "GET /WebApp_day_4/CookieSet HTTP/1.1" 200 -
127.0.0.1 - - [28/Mar/2022:12:23:18 +0800] "GET / HTTP/1.1" 404 751
0:0:0:0:0:0:0:1 - - [28/Mar/2022:12:23:18 +0800] "GET /WebApp_day_4/CookieGest HTTP/1.1" 404 778
0:0:0:0:0:0:0:1 - - [28/Mar/2022:12:23:37 +0800] "GET /WebApp_day_4/CookieGet HTTP/1.1" 200 -
127.0.0.1 - - [28/Mar/2022:13:58:49 +0800] "GET / HTTP/1.1" 404 751
0:0:0:0:0:0:0:1 - - [28/Mar/2022:13:58:50 +0800] "GET /WebApp_day_4/CookieGet HTTP/1.1" 200 29
127.0.0.1 - - [28/Mar/2022:13:59:14 +0800] "GET / HTTP/1.1" 404 751
127.0.0.1 - - [28/Mar/2022:13:59:14 +0800] "GET /WebApp_day_4/CookieGet HTTP/1.1" 200 29
127.0.0.1 - - [28/Mar/2022:13:59:28 +0800] "GET /WebApp_day_4/CookieSet HTTP/1.1" 200 -
127.0.0.1 - - [28/Mar/2022:14:00:14 +0800] "GET / HTTP/1.1" 404 751
0:0:0:0:0:0:0:1 - - [28/Mar/2022:14:00:14 +0800] "GET /WebApp_day_4/CookieGet HTTP/1.1" 200 29
0:0:0:0:0:0:0:1 - - [28/Mar/2022:14:00:26 +0800] "GET /WebApp_day_4/CookieSet HTTP/1.1" 200 -
0:0:0:0:0:0:0:1 - - [28/Mar/2022:14:00:28 +0800] "GET /WebApp_day_4/CookieGet HTTP/1.1" 200 58
127.0.0.1 - - [28/Mar/2022:14:02:40 +0800] "GET / HTTP/1.1" 404 751
0:0:0:0:0:0:0:1 - - [28/Mar/2022:14:02:40 +0800] "GET /WebApp_day_4/CookieGet HTTP/1.1" 200 58
0:0:0:0:0:0:0:1 - - [28/Mar/2022:14:02:40 +0800] "GET /WebApp_day_4/CookieSet HTTP/1.1" 200 -
0:0:0:0:0:0:0:1 - - [28/Mar/2022:14:02:53 +0800] "GET /WebApp_day_4/CookieGet HTTP/1.1" 200 68
127.0.0.1 - - [28/Mar/2022:14:42:33 +0800] "GET / HTTP/1.1" 404 751
0:0:0:0:0:0:0:1 - - [28/Mar/2022:14:42:33 +0800] "GET /WebApp_day_4/SessionGet HTTP/1.1" 200 46
127.0.0.1 - - [28/Mar/2022:14:43:04 +0800] "GET / HTTP/1.1" 404 751
0:0:0:0:0:0:0:1 - - [28/Mar/2022:14:43:04 +0800] "GET /WebApp_day_4/SessionGet HTTP/1.1" 200 52
127.0.0.1 - - [28/Mar/2022:14:44:48 +0800] "GET / HTTP/1.1" 404 751
0:0:0:0:0:0:0:1 - - [28/Mar/2022:14:44:48 +0800] "GET /WebApp_day2/page/HelloWorldServlet HTTP/1.1" 500 69
127.0.0.1 - - [28/Mar/2022:15:04:41 +0800] "GET / HTTP/1.1" 404 751
0:0:0:0:0:0:0:1 - - [28/Mar/2022:15:04:41 +0800] "GET /WebApp_day_4/ShoppingCartAdd HTTP/1.1" 200 28
0:0:0:0:0:0:0:1 - - [28/Mar/2022:15:04:55 +0800] "GET /WebApp_day_4/ShoppingCartAdd?add=apple HTTP/1.1" 200 29
127.0.0.1 - - [28/Mar/2022:15:23:01 +0800] "GET / HTTP/1.1" 404 751
0:0:0:0:0:0:0:1 - - [28/Mar/2022:15:23:05 +0800] "GET /WebApp_day2/AAAServletLife HTTP/1.1" 200 14
127.0.0.1 - - [28/Mar/2022:15:24:26 +0800] "GET / HTTP/1.1" 404 751
0:0:0:0:0:0:0:1 - - [28/Mar/2022:15:24:26 +0800] "GET /WebApp_day_4/ShoppingCartAdd HTTP/1.1" 200 28
0:0:0:0:0:0:0:1 - - [28/Mar/2022:15:24:33 +0800] "GET /WebApp_day_4/ShoppingCartAdd?add=123 HTTP/1.1" 200 27
0:0:0:0:0:0:0:1 - - [28/Mar/2022:15:24:41 +0800] "GET /WebApp_day_4/ShoppingCartGet HTTP/1.1" 200 35
0:0:0:0:0:0:0:1 - - [28/Mar/2022:15:25:03 +0800] "GET /WebApp_day_4/ShoppingCartAdd?add=456 HTTP/1.1" 200 27
0:0:0:0:0:0:0:1 - - [28/Mar/2022:15:25:06 +0800] "GET /WebApp_day_4/ShoppingCartGet HTTP/1.1" 200 52
127.0.0.1 - - [28/Mar/2022:16:32:01 +0800] "GET / HTTP/1.1" 404 751
0:0:0:0:0:0:0:1 - - [28/Mar/2022:16:32:03 +0800] "GET /WebApp_day_4/Hello.jsp HTTP/1.1" 200 132
0:0:0:0:0:0:0:1 - - [28/Mar/2022:16:35:39 +0800] "GET /WebApp_day_4/Hello.jsp HTTP/1.1" 200 163
0:0:0:0:0:0:0:1 - - [28/Mar/2022:16:39:44 +0800] "GET /WebApp_day_4/Hello.jsp HTTP/1.1" 200 189
